# Validation Report

**Generated:** 2026-02-12T00:00:00Z
**Framework:** test
**Exit Code:** 1

## Verdict

- Status: `ISSUES`
- Exit code: 1
- Target path: 

## Summary

- Total results: 1
- Status counts: {'FAILED': 1}
- Severity counts: {'error': 1}

## Short Issue Summary

- `arch/forbidden_dependency`: status `ISSUES`; failed 1; Bad <dep> \| use safe

## Rule Hotspots

- arch/forbidden_dependency: 1 result(s) across 1 target(s); severities error=1
